// Jest Snapshot v1, https://goo.gl/fbAQLP

exports[`Polygon chart test Renders correct with right props 1`] = `
<div
  className="d3-bar-chart-container"
/>
`;
