// Jest Snapshot v1, https://goo.gl/fbAQLP

exports[`Filters test Renders correct with right props 1`] = `
<div>
  <div
    className="css-1mxzbbx"
  >
    <h5
      className="css-1urorti"
    >
      Filters
    </h5>
    <button
      className="ant-btn css-x930nf ant-btn-link"
      onClick={[Function]}
      type="button"
    >
      <span>
        Show Selected
      </span>
    </button>
    <button
      className="ant-btn css-vuuytn ant-btn-link"
      onClick={[Function]}
      type="button"
    >
      <span>
        Reset All
      </span>
    </button>
  </div>
  <div />
</div>
`;
